------------------------------------------------------------
Timing Analyzer Summary
------------------------------------------------------------

Type  : Slow 1200mV 85C Model Setup 'Clock'
Slack : -0.480
TNS   : -14.350

Type  : Slow 1200mV 85C Model Hold 'Clock'
Slack : 0.524
TNS   : 0.000

Type  : Slow 1200mV 85C Model Minimum Pulse Width 'Clock'
Slack : -3.000
TNS   : -85.240

Type  : Slow 1200mV 85C Model Minimum Pulse Width 'Register:inst55|MUX21:inst|Y~1'
Slack : 0.470
TNS   : 0.000

Type  : Slow 1200mV 85C Model Minimum Pulse Width 'Register:inst56|MUX21:inst|Y~1'
Slack : 0.470
TNS   : 0.000

Type  : Slow 1200mV 85C Model Minimum Pulse Width 'Register:inst6|MUX21:inst|Y~1'
Slack : 0.470
TNS   : 0.000

Type  : Slow 1200mV 85C Model Minimum Pulse Width 'Register:inst12|MUX21:inst|Y~1'
Slack : 0.471
TNS   : 0.000

Type  : Slow 1200mV 85C Model Minimum Pulse Width 'Register:inst13|MUX21:inst|Y~1'
Slack : 0.471
TNS   : 0.000

Type  : Slow 1200mV 85C Model Minimum Pulse Width 'Register:inst15|MUX21:inst|Y~1'
Slack : 0.471
TNS   : 0.000

Type  : Slow 1200mV 85C Model Minimum Pulse Width 'Register:inst16|MUX21:inst|Y~1'
Slack : 0.471
TNS   : 0.000

Type  : Slow 1200mV 85C Model Minimum Pulse Width 'Register:inst17|MUX21:inst|Y~2'
Slack : 0.471
TNS   : 0.000

Type  : Slow 1200mV 85C Model Minimum Pulse Width 'Register:inst23|MUX21:inst|Y~1'
Slack : 0.471
TNS   : 0.000

Type  : Slow 1200mV 85C Model Minimum Pulse Width 'Register:inst24|MUX21:inst|Y~1'
Slack : 0.471
TNS   : 0.000

Type  : Slow 1200mV 85C Model Minimum Pulse Width 'Register:inst25|MUX21:inst|Y~2'
Slack : 0.471
TNS   : 0.000

Type  : Slow 1200mV 85C Model Minimum Pulse Width 'Register:inst28|MUX21:inst|Y~1'
Slack : 0.471
TNS   : 0.000

Type  : Slow 1200mV 85C Model Minimum Pulse Width 'Register:inst29|MUX21:inst|Y~1'
Slack : 0.471
TNS   : 0.000

Type  : Slow 1200mV 85C Model Minimum Pulse Width 'Register:inst2|MUX21:inst|Y~1'
Slack : 0.471
TNS   : 0.000

Type  : Slow 1200mV 85C Model Minimum Pulse Width 'Register:inst30|MUX21:inst|Y~1'
Slack : 0.471
TNS   : 0.000

Type  : Slow 1200mV 85C Model Minimum Pulse Width 'Register:inst31|MUX21:inst|Y~1'
Slack : 0.471
TNS   : 0.000

Type  : Slow 1200mV 85C Model Minimum Pulse Width 'Register:inst32|MUX21:inst|Y~1'
Slack : 0.471
TNS   : 0.000

Type  : Slow 1200mV 85C Model Minimum Pulse Width 'Register:inst33|MUX21:inst|Y~2'
Slack : 0.471
TNS   : 0.000

Type  : Slow 1200mV 85C Model Minimum Pulse Width 'Register:inst34|MUX21:inst|Y~1'
Slack : 0.471
TNS   : 0.000

Type  : Slow 1200mV 85C Model Minimum Pulse Width 'Register:inst37|MUX21:inst|Y~1'
Slack : 0.471
TNS   : 0.000

Type  : Slow 1200mV 85C Model Minimum Pulse Width 'Register:inst39|MUX21:inst|Y~1'
Slack : 0.471
TNS   : 0.000

Type  : Slow 1200mV 85C Model Minimum Pulse Width 'Register:inst41|MUX21:inst|Y~3'
Slack : 0.471
TNS   : 0.000

Type  : Slow 1200mV 85C Model Minimum Pulse Width 'Register:inst42|MUX21:inst|Y~1'
Slack : 0.471
TNS   : 0.000

Type  : Slow 1200mV 85C Model Minimum Pulse Width 'Register:inst44|MUX21:inst|Y~1'
Slack : 0.471
TNS   : 0.000

Type  : Slow 1200mV 85C Model Minimum Pulse Width 'Register:inst45|MUX21:inst|Y~1'
Slack : 0.471
TNS   : 0.000

Type  : Slow 1200mV 85C Model Minimum Pulse Width 'Register:inst46|MUX21:inst|Y~1'
Slack : 0.471
TNS   : 0.000

Type  : Slow 1200mV 85C Model Minimum Pulse Width 'Register:inst47|MUX21:inst|Y~1'
Slack : 0.471
TNS   : 0.000

Type  : Slow 1200mV 85C Model Minimum Pulse Width 'Register:inst48|MUX21:inst|Y~1'
Slack : 0.471
TNS   : 0.000

Type  : Slow 1200mV 85C Model Minimum Pulse Width 'Register:inst50|MUX21:inst|Y~1'
Slack : 0.471
TNS   : 0.000

Type  : Slow 1200mV 85C Model Minimum Pulse Width 'Register:inst54|MUX21:inst|Y~1'
Slack : 0.471
TNS   : 0.000

Type  : Slow 1200mV 85C Model Minimum Pulse Width 'Register:inst57|MUX21:inst|Y~2'
Slack : 0.471
TNS   : 0.000

Type  : Slow 1200mV 85C Model Minimum Pulse Width 'Register:inst58|MUX21:inst|Y~1'
Slack : 0.471
TNS   : 0.000

Type  : Slow 1200mV 85C Model Minimum Pulse Width 'Register:inst61|MUX21:inst|Y~1'
Slack : 0.471
TNS   : 0.000

Type  : Slow 1200mV 85C Model Minimum Pulse Width 'Register:inst62|MUX21:inst|Y~1'
Slack : 0.471
TNS   : 0.000

Type  : Slow 1200mV 85C Model Minimum Pulse Width 'Register:inst63|MUX21:inst|Y~1'
Slack : 0.471
TNS   : 0.000

Type  : Slow 1200mV 85C Model Minimum Pulse Width 'Register:inst64|MUX21:inst|Y~1'
Slack : 0.471
TNS   : 0.000

Type  : Slow 1200mV 85C Model Minimum Pulse Width 'Register:inst14|MUX21:inst|Y~1'
Slack : 0.472
TNS   : 0.000

Type  : Slow 1200mV 85C Model Minimum Pulse Width 'Register:inst20|MUX21:inst|Y~1'
Slack : 0.472
TNS   : 0.000

Type  : Slow 1200mV 85C Model Minimum Pulse Width 'Register:inst21|MUX21:inst|Y~1'
Slack : 0.472
TNS   : 0.000

Type  : Slow 1200mV 85C Model Minimum Pulse Width 'Register:inst22|MUX21:inst|Y~1'
Slack : 0.472
TNS   : 0.000

Type  : Slow 1200mV 85C Model Minimum Pulse Width 'Register:inst26|MUX21:inst|Y~1'
Slack : 0.472
TNS   : 0.000

Type  : Slow 1200mV 85C Model Minimum Pulse Width 'Register:inst36|MUX21:inst|Y~1'
Slack : 0.472
TNS   : 0.000

Type  : Slow 1200mV 85C Model Minimum Pulse Width 'Register:inst38|MUX21:inst|Y~1'
Slack : 0.472
TNS   : 0.000

Type  : Slow 1200mV 85C Model Minimum Pulse Width 'Register:inst40|MUX21:inst|Y~1'
Slack : 0.472
TNS   : 0.000

Type  : Slow 1200mV 85C Model Minimum Pulse Width 'Register:inst43|MUX21:inst|Y~1'
Slack : 0.472
TNS   : 0.000

Type  : Slow 1200mV 85C Model Minimum Pulse Width 'Register:inst4|MUX21:inst|Y~1'
Slack : 0.472
TNS   : 0.000

Type  : Slow 1200mV 85C Model Minimum Pulse Width 'Register:inst53|MUX21:inst|Y~1'
Slack : 0.472
TNS   : 0.000

Type  : Slow 1200mV 85C Model Minimum Pulse Width 'Register:inst59|MUX21:inst|Y~1'
Slack : 0.472
TNS   : 0.000

Type  : Slow 1200mV 85C Model Minimum Pulse Width 'Register:inst60|MUX21:inst|Y~1'
Slack : 0.472
TNS   : 0.000

Type  : Slow 1200mV 85C Model Minimum Pulse Width 'Register:inst|MUX21:inst|Y~2'
Slack : 0.472
TNS   : 0.000

Type  : Slow 1200mV 85C Model Minimum Pulse Width 'Register:inst10|MUX21:inst|Y~1'
Slack : 0.473
TNS   : 0.000

Type  : Slow 1200mV 85C Model Minimum Pulse Width 'Register:inst11|MUX21:inst|Y~1'
Slack : 0.473
TNS   : 0.000

Type  : Slow 1200mV 85C Model Minimum Pulse Width 'Register:inst18|MUX21:inst|Y~1'
Slack : 0.473
TNS   : 0.000

Type  : Slow 1200mV 85C Model Minimum Pulse Width 'Register:inst27|MUX21:inst|Y~1'
Slack : 0.473
TNS   : 0.000

Type  : Slow 1200mV 85C Model Minimum Pulse Width 'Register:inst35|MUX21:inst|Y~1'
Slack : 0.473
TNS   : 0.000

Type  : Slow 1200mV 85C Model Minimum Pulse Width 'Register:inst51|MUX21:inst|Y~1'
Slack : 0.473
TNS   : 0.000

Type  : Slow 1200mV 85C Model Minimum Pulse Width 'Register:inst52|MUX21:inst|Y~1'
Slack : 0.473
TNS   : 0.000

Type  : Slow 1200mV 85C Model Minimum Pulse Width 'Register:inst5|MUX21:inst|Y~1'
Slack : 0.473
TNS   : 0.000

Type  : Slow 1200mV 85C Model Minimum Pulse Width 'Register:inst8|MUX21:inst|Y~1'
Slack : 0.473
TNS   : 0.000

Type  : Slow 1200mV 85C Model Minimum Pulse Width 'Register:inst3|MUX21:inst|Y~1'
Slack : 0.474
TNS   : 0.000

Type  : Slow 1200mV 85C Model Minimum Pulse Width 'Register:inst49|MUX21:inst|Y~3'
Slack : 0.474
TNS   : 0.000

Type  : Slow 1200mV 85C Model Minimum Pulse Width 'Register:inst9|MUX21:inst|Y~2'
Slack : 0.474
TNS   : 0.000

Type  : Slow 1200mV 85C Model Minimum Pulse Width 'Register:inst7|MUX21:inst|Y~1'
Slack : 0.477
TNS   : 0.000

Type  : Slow 1200mV 85C Model Minimum Pulse Width 'Register:inst19|MUX21:inst|Y~1'
Slack : 0.481
TNS   : 0.000

Type  : Slow 1200mV 0C Model Setup 'Clock'
Slack : -0.465
TNS   : -13.132

Type  : Slow 1200mV 0C Model Hold 'Clock'
Slack : 0.486
TNS   : 0.000

Type  : Slow 1200mV 0C Model Minimum Pulse Width 'Clock'
Slack : -3.000
TNS   : -85.240

Type  : Slow 1200mV 0C Model Minimum Pulse Width 'Register:inst19|MUX21:inst|Y~1'
Slack : 0.454
TNS   : 0.000

Type  : Slow 1200mV 0C Model Minimum Pulse Width 'Register:inst16|MUX21:inst|Y~1'
Slack : 0.476
TNS   : 0.000

Type  : Slow 1200mV 0C Model Minimum Pulse Width 'Register:inst17|MUX21:inst|Y~2'
Slack : 0.476
TNS   : 0.000

Type  : Slow 1200mV 0C Model Minimum Pulse Width 'Register:inst26|MUX21:inst|Y~1'
Slack : 0.476
TNS   : 0.000

Type  : Slow 1200mV 0C Model Minimum Pulse Width 'Register:inst33|MUX21:inst|Y~2'
Slack : 0.476
TNS   : 0.000

Type  : Slow 1200mV 0C Model Minimum Pulse Width 'Register:inst39|MUX21:inst|Y~1'
Slack : 0.476
TNS   : 0.000

Type  : Slow 1200mV 0C Model Minimum Pulse Width 'Register:inst45|MUX21:inst|Y~1'
Slack : 0.476
TNS   : 0.000

Type  : Slow 1200mV 0C Model Minimum Pulse Width 'Register:inst55|MUX21:inst|Y~1'
Slack : 0.476
TNS   : 0.000

Type  : Slow 1200mV 0C Model Minimum Pulse Width 'Register:inst56|MUX21:inst|Y~1'
Slack : 0.476
TNS   : 0.000

Type  : Slow 1200mV 0C Model Minimum Pulse Width 'Register:inst59|MUX21:inst|Y~1'
Slack : 0.476
TNS   : 0.000

Type  : Slow 1200mV 0C Model Minimum Pulse Width 'Register:inst60|MUX21:inst|Y~1'
Slack : 0.476
TNS   : 0.000

Type  : Slow 1200mV 0C Model Minimum Pulse Width 'Register:inst6|MUX21:inst|Y~1'
Slack : 0.476
TNS   : 0.000

Type  : Slow 1200mV 0C Model Minimum Pulse Width 'Register:inst12|MUX21:inst|Y~1'
Slack : 0.477
TNS   : 0.000

Type  : Slow 1200mV 0C Model Minimum Pulse Width 'Register:inst13|MUX21:inst|Y~1'
Slack : 0.477
TNS   : 0.000

Type  : Slow 1200mV 0C Model Minimum Pulse Width 'Register:inst14|MUX21:inst|Y~1'
Slack : 0.477
TNS   : 0.000

Type  : Slow 1200mV 0C Model Minimum Pulse Width 'Register:inst15|MUX21:inst|Y~1'
Slack : 0.477
TNS   : 0.000

Type  : Slow 1200mV 0C Model Minimum Pulse Width 'Register:inst21|MUX21:inst|Y~1'
Slack : 0.477
TNS   : 0.000

Type  : Slow 1200mV 0C Model Minimum Pulse Width 'Register:inst22|MUX21:inst|Y~1'
Slack : 0.477
TNS   : 0.000

Type  : Slow 1200mV 0C Model Minimum Pulse Width 'Register:inst23|MUX21:inst|Y~1'
Slack : 0.477
TNS   : 0.000

Type  : Slow 1200mV 0C Model Minimum Pulse Width 'Register:inst24|MUX21:inst|Y~1'
Slack : 0.477
TNS   : 0.000

Type  : Slow 1200mV 0C Model Minimum Pulse Width 'Register:inst25|MUX21:inst|Y~2'
Slack : 0.477
TNS   : 0.000

Type  : Slow 1200mV 0C Model Minimum Pulse Width 'Register:inst28|MUX21:inst|Y~1'
Slack : 0.477
TNS   : 0.000

Type  : Slow 1200mV 0C Model Minimum Pulse Width 'Register:inst29|MUX21:inst|Y~1'
Slack : 0.477
TNS   : 0.000

Type  : Slow 1200mV 0C Model Minimum Pulse Width 'Register:inst2|MUX21:inst|Y~1'
Slack : 0.477
TNS   : 0.000

Type  : Slow 1200mV 0C Model Minimum Pulse Width 'Register:inst30|MUX21:inst|Y~1'
Slack : 0.477
TNS   : 0.000

Type  : Slow 1200mV 0C Model Minimum Pulse Width 'Register:inst31|MUX21:inst|Y~1'
Slack : 0.477
TNS   : 0.000

Type  : Slow 1200mV 0C Model Minimum Pulse Width 'Register:inst32|MUX21:inst|Y~1'
Slack : 0.477
TNS   : 0.000

Type  : Slow 1200mV 0C Model Minimum Pulse Width 'Register:inst34|MUX21:inst|Y~1'
Slack : 0.477
TNS   : 0.000

Type  : Slow 1200mV 0C Model Minimum Pulse Width 'Register:inst36|MUX21:inst|Y~1'
Slack : 0.477
TNS   : 0.000

Type  : Slow 1200mV 0C Model Minimum Pulse Width 'Register:inst37|MUX21:inst|Y~1'
Slack : 0.477
TNS   : 0.000

Type  : Slow 1200mV 0C Model Minimum Pulse Width 'Register:inst38|MUX21:inst|Y~1'
Slack : 0.477
TNS   : 0.000

Type  : Slow 1200mV 0C Model Minimum Pulse Width 'Register:inst40|MUX21:inst|Y~1'
Slack : 0.477
TNS   : 0.000

Type  : Slow 1200mV 0C Model Minimum Pulse Width 'Register:inst41|MUX21:inst|Y~3'
Slack : 0.477
TNS   : 0.000

Type  : Slow 1200mV 0C Model Minimum Pulse Width 'Register:inst42|MUX21:inst|Y~1'
Slack : 0.477
TNS   : 0.000

Type  : Slow 1200mV 0C Model Minimum Pulse Width 'Register:inst43|MUX21:inst|Y~1'
Slack : 0.477
TNS   : 0.000

Type  : Slow 1200mV 0C Model Minimum Pulse Width 'Register:inst44|MUX21:inst|Y~1'
Slack : 0.477
TNS   : 0.000

Type  : Slow 1200mV 0C Model Minimum Pulse Width 'Register:inst46|MUX21:inst|Y~1'
Slack : 0.477
TNS   : 0.000

Type  : Slow 1200mV 0C Model Minimum Pulse Width 'Register:inst47|MUX21:inst|Y~1'
Slack : 0.477
TNS   : 0.000

Type  : Slow 1200mV 0C Model Minimum Pulse Width 'Register:inst48|MUX21:inst|Y~1'
Slack : 0.477
TNS   : 0.000

Type  : Slow 1200mV 0C Model Minimum Pulse Width 'Register:inst4|MUX21:inst|Y~1'
Slack : 0.477
TNS   : 0.000

Type  : Slow 1200mV 0C Model Minimum Pulse Width 'Register:inst50|MUX21:inst|Y~1'
Slack : 0.477
TNS   : 0.000

Type  : Slow 1200mV 0C Model Minimum Pulse Width 'Register:inst53|MUX21:inst|Y~1'
Slack : 0.477
TNS   : 0.000

Type  : Slow 1200mV 0C Model Minimum Pulse Width 'Register:inst54|MUX21:inst|Y~1'
Slack : 0.477
TNS   : 0.000

Type  : Slow 1200mV 0C Model Minimum Pulse Width 'Register:inst57|MUX21:inst|Y~2'
Slack : 0.477
TNS   : 0.000

Type  : Slow 1200mV 0C Model Minimum Pulse Width 'Register:inst58|MUX21:inst|Y~1'
Slack : 0.477
TNS   : 0.000

Type  : Slow 1200mV 0C Model Minimum Pulse Width 'Register:inst61|MUX21:inst|Y~1'
Slack : 0.477
TNS   : 0.000

Type  : Slow 1200mV 0C Model Minimum Pulse Width 'Register:inst62|MUX21:inst|Y~1'
Slack : 0.477
TNS   : 0.000

Type  : Slow 1200mV 0C Model Minimum Pulse Width 'Register:inst63|MUX21:inst|Y~1'
Slack : 0.477
TNS   : 0.000

Type  : Slow 1200mV 0C Model Minimum Pulse Width 'Register:inst64|MUX21:inst|Y~1'
Slack : 0.477
TNS   : 0.000

Type  : Slow 1200mV 0C Model Minimum Pulse Width 'Register:inst|MUX21:inst|Y~2'
Slack : 0.477
TNS   : 0.000

Type  : Slow 1200mV 0C Model Minimum Pulse Width 'Register:inst10|MUX21:inst|Y~1'
Slack : 0.478
TNS   : 0.000

Type  : Slow 1200mV 0C Model Minimum Pulse Width 'Register:inst18|MUX21:inst|Y~1'
Slack : 0.478
TNS   : 0.000

Type  : Slow 1200mV 0C Model Minimum Pulse Width 'Register:inst20|MUX21:inst|Y~1'
Slack : 0.478
TNS   : 0.000

Type  : Slow 1200mV 0C Model Minimum Pulse Width 'Register:inst27|MUX21:inst|Y~1'
Slack : 0.478
TNS   : 0.000

Type  : Slow 1200mV 0C Model Minimum Pulse Width 'Register:inst35|MUX21:inst|Y~1'
Slack : 0.478
TNS   : 0.000

Type  : Slow 1200mV 0C Model Minimum Pulse Width 'Register:inst51|MUX21:inst|Y~1'
Slack : 0.478
TNS   : 0.000

Type  : Slow 1200mV 0C Model Minimum Pulse Width 'Register:inst52|MUX21:inst|Y~1'
Slack : 0.478
TNS   : 0.000

Type  : Slow 1200mV 0C Model Minimum Pulse Width 'Register:inst5|MUX21:inst|Y~1'
Slack : 0.478
TNS   : 0.000

Type  : Slow 1200mV 0C Model Minimum Pulse Width 'Register:inst8|MUX21:inst|Y~1'
Slack : 0.478
TNS   : 0.000

Type  : Slow 1200mV 0C Model Minimum Pulse Width 'Register:inst11|MUX21:inst|Y~1'
Slack : 0.479
TNS   : 0.000

Type  : Slow 1200mV 0C Model Minimum Pulse Width 'Register:inst3|MUX21:inst|Y~1'
Slack : 0.479
TNS   : 0.000

Type  : Slow 1200mV 0C Model Minimum Pulse Width 'Register:inst49|MUX21:inst|Y~3'
Slack : 0.479
TNS   : 0.000

Type  : Slow 1200mV 0C Model Minimum Pulse Width 'Register:inst9|MUX21:inst|Y~2'
Slack : 0.479
TNS   : 0.000

Type  : Slow 1200mV 0C Model Minimum Pulse Width 'Register:inst7|MUX21:inst|Y~1'
Slack : 0.481
TNS   : 0.000

Type  : Fast 1200mV 0C Model Setup 'Clock'
Slack : -0.036
TNS   : -0.051

Type  : Fast 1200mV 0C Model Hold 'Clock'
Slack : 0.357
TNS   : 0.000

Type  : Fast 1200mV 0C Model Minimum Pulse Width 'Clock'
Slack : -3.000
TNS   : -70.967

Type  : Fast 1200mV 0C Model Minimum Pulse Width 'Register:inst19|MUX21:inst|Y~1'
Slack : 0.468
TNS   : 0.000

Type  : Fast 1200mV 0C Model Minimum Pulse Width 'Register:inst41|MUX21:inst|Y~3'
Slack : 0.479
TNS   : 0.000

Type  : Fast 1200mV 0C Model Minimum Pulse Width 'Register:inst56|MUX21:inst|Y~1'
Slack : 0.479
TNS   : 0.000

Type  : Fast 1200mV 0C Model Minimum Pulse Width 'Register:inst11|MUX21:inst|Y~1'
Slack : 0.480
TNS   : 0.000

Type  : Fast 1200mV 0C Model Minimum Pulse Width 'Register:inst12|MUX21:inst|Y~1'
Slack : 0.480
TNS   : 0.000

Type  : Fast 1200mV 0C Model Minimum Pulse Width 'Register:inst13|MUX21:inst|Y~1'
Slack : 0.480
TNS   : 0.000

Type  : Fast 1200mV 0C Model Minimum Pulse Width 'Register:inst14|MUX21:inst|Y~1'
Slack : 0.480
TNS   : 0.000

Type  : Fast 1200mV 0C Model Minimum Pulse Width 'Register:inst15|MUX21:inst|Y~1'
Slack : 0.480
TNS   : 0.000

Type  : Fast 1200mV 0C Model Minimum Pulse Width 'Register:inst16|MUX21:inst|Y~1'
Slack : 0.480
TNS   : 0.000

Type  : Fast 1200mV 0C Model Minimum Pulse Width 'Register:inst17|MUX21:inst|Y~2'
Slack : 0.480
TNS   : 0.000

Type  : Fast 1200mV 0C Model Minimum Pulse Width 'Register:inst18|MUX21:inst|Y~1'
Slack : 0.480
TNS   : 0.000

Type  : Fast 1200mV 0C Model Minimum Pulse Width 'Register:inst21|MUX21:inst|Y~1'
Slack : 0.480
TNS   : 0.000

Type  : Fast 1200mV 0C Model Minimum Pulse Width 'Register:inst25|MUX21:inst|Y~2'
Slack : 0.480
TNS   : 0.000

Type  : Fast 1200mV 0C Model Minimum Pulse Width 'Register:inst26|MUX21:inst|Y~1'
Slack : 0.480
TNS   : 0.000

Type  : Fast 1200mV 0C Model Minimum Pulse Width 'Register:inst27|MUX21:inst|Y~1'
Slack : 0.480
TNS   : 0.000

Type  : Fast 1200mV 0C Model Minimum Pulse Width 'Register:inst28|MUX21:inst|Y~1'
Slack : 0.480
TNS   : 0.000

Type  : Fast 1200mV 0C Model Minimum Pulse Width 'Register:inst29|MUX21:inst|Y~1'
Slack : 0.480
TNS   : 0.000

Type  : Fast 1200mV 0C Model Minimum Pulse Width 'Register:inst2|MUX21:inst|Y~1'
Slack : 0.480
TNS   : 0.000

Type  : Fast 1200mV 0C Model Minimum Pulse Width 'Register:inst31|MUX21:inst|Y~1'
Slack : 0.480
TNS   : 0.000

Type  : Fast 1200mV 0C Model Minimum Pulse Width 'Register:inst32|MUX21:inst|Y~1'
Slack : 0.480
TNS   : 0.000

Type  : Fast 1200mV 0C Model Minimum Pulse Width 'Register:inst34|MUX21:inst|Y~1'
Slack : 0.480
TNS   : 0.000

Type  : Fast 1200mV 0C Model Minimum Pulse Width 'Register:inst36|MUX21:inst|Y~1'
Slack : 0.480
TNS   : 0.000

Type  : Fast 1200mV 0C Model Minimum Pulse Width 'Register:inst37|MUX21:inst|Y~1'
Slack : 0.480
TNS   : 0.000

Type  : Fast 1200mV 0C Model Minimum Pulse Width 'Register:inst38|MUX21:inst|Y~1'
Slack : 0.480
TNS   : 0.000

Type  : Fast 1200mV 0C Model Minimum Pulse Width 'Register:inst39|MUX21:inst|Y~1'
Slack : 0.480
TNS   : 0.000

Type  : Fast 1200mV 0C Model Minimum Pulse Width 'Register:inst3|MUX21:inst|Y~1'
Slack : 0.480
TNS   : 0.000

Type  : Fast 1200mV 0C Model Minimum Pulse Width 'Register:inst40|MUX21:inst|Y~1'
Slack : 0.480
TNS   : 0.000

Type  : Fast 1200mV 0C Model Minimum Pulse Width 'Register:inst42|MUX21:inst|Y~1'
Slack : 0.480
TNS   : 0.000

Type  : Fast 1200mV 0C Model Minimum Pulse Width 'Register:inst44|MUX21:inst|Y~1'
Slack : 0.480
TNS   : 0.000

Type  : Fast 1200mV 0C Model Minimum Pulse Width 'Register:inst45|MUX21:inst|Y~1'
Slack : 0.480
TNS   : 0.000

Type  : Fast 1200mV 0C Model Minimum Pulse Width 'Register:inst46|MUX21:inst|Y~1'
Slack : 0.480
TNS   : 0.000

Type  : Fast 1200mV 0C Model Minimum Pulse Width 'Register:inst47|MUX21:inst|Y~1'
Slack : 0.480
TNS   : 0.000

Type  : Fast 1200mV 0C Model Minimum Pulse Width 'Register:inst48|MUX21:inst|Y~1'
Slack : 0.480
TNS   : 0.000

Type  : Fast 1200mV 0C Model Minimum Pulse Width 'Register:inst4|MUX21:inst|Y~1'
Slack : 0.480
TNS   : 0.000

Type  : Fast 1200mV 0C Model Minimum Pulse Width 'Register:inst50|MUX21:inst|Y~1'
Slack : 0.480
TNS   : 0.000

Type  : Fast 1200mV 0C Model Minimum Pulse Width 'Register:inst54|MUX21:inst|Y~1'
Slack : 0.480
TNS   : 0.000

Type  : Fast 1200mV 0C Model Minimum Pulse Width 'Register:inst55|MUX21:inst|Y~1'
Slack : 0.480
TNS   : 0.000

Type  : Fast 1200mV 0C Model Minimum Pulse Width 'Register:inst58|MUX21:inst|Y~1'
Slack : 0.480
TNS   : 0.000

Type  : Fast 1200mV 0C Model Minimum Pulse Width 'Register:inst59|MUX21:inst|Y~1'
Slack : 0.480
TNS   : 0.000

Type  : Fast 1200mV 0C Model Minimum Pulse Width 'Register:inst5|MUX21:inst|Y~1'
Slack : 0.480
TNS   : 0.000

Type  : Fast 1200mV 0C Model Minimum Pulse Width 'Register:inst60|MUX21:inst|Y~1'
Slack : 0.480
TNS   : 0.000

Type  : Fast 1200mV 0C Model Minimum Pulse Width 'Register:inst62|MUX21:inst|Y~1'
Slack : 0.480
TNS   : 0.000

Type  : Fast 1200mV 0C Model Minimum Pulse Width 'Register:inst63|MUX21:inst|Y~1'
Slack : 0.480
TNS   : 0.000

Type  : Fast 1200mV 0C Model Minimum Pulse Width 'Register:inst64|MUX21:inst|Y~1'
Slack : 0.480
TNS   : 0.000

Type  : Fast 1200mV 0C Model Minimum Pulse Width 'Register:inst|MUX21:inst|Y~2'
Slack : 0.480
TNS   : 0.000

Type  : Fast 1200mV 0C Model Minimum Pulse Width 'Register:inst20|MUX21:inst|Y~1'
Slack : 0.481
TNS   : 0.000

Type  : Fast 1200mV 0C Model Minimum Pulse Width 'Register:inst22|MUX21:inst|Y~1'
Slack : 0.481
TNS   : 0.000

Type  : Fast 1200mV 0C Model Minimum Pulse Width 'Register:inst23|MUX21:inst|Y~1'
Slack : 0.481
TNS   : 0.000

Type  : Fast 1200mV 0C Model Minimum Pulse Width 'Register:inst24|MUX21:inst|Y~1'
Slack : 0.481
TNS   : 0.000

Type  : Fast 1200mV 0C Model Minimum Pulse Width 'Register:inst30|MUX21:inst|Y~1'
Slack : 0.481
TNS   : 0.000

Type  : Fast 1200mV 0C Model Minimum Pulse Width 'Register:inst35|MUX21:inst|Y~1'
Slack : 0.481
TNS   : 0.000

Type  : Fast 1200mV 0C Model Minimum Pulse Width 'Register:inst43|MUX21:inst|Y~1'
Slack : 0.481
TNS   : 0.000

Type  : Fast 1200mV 0C Model Minimum Pulse Width 'Register:inst49|MUX21:inst|Y~3'
Slack : 0.481
TNS   : 0.000

Type  : Fast 1200mV 0C Model Minimum Pulse Width 'Register:inst51|MUX21:inst|Y~1'
Slack : 0.481
TNS   : 0.000

Type  : Fast 1200mV 0C Model Minimum Pulse Width 'Register:inst52|MUX21:inst|Y~1'
Slack : 0.481
TNS   : 0.000

Type  : Fast 1200mV 0C Model Minimum Pulse Width 'Register:inst53|MUX21:inst|Y~1'
Slack : 0.481
TNS   : 0.000

Type  : Fast 1200mV 0C Model Minimum Pulse Width 'Register:inst57|MUX21:inst|Y~2'
Slack : 0.481
TNS   : 0.000

Type  : Fast 1200mV 0C Model Minimum Pulse Width 'Register:inst61|MUX21:inst|Y~1'
Slack : 0.481
TNS   : 0.000

Type  : Fast 1200mV 0C Model Minimum Pulse Width 'Register:inst6|MUX21:inst|Y~1'
Slack : 0.481
TNS   : 0.000

Type  : Fast 1200mV 0C Model Minimum Pulse Width 'Register:inst8|MUX21:inst|Y~1'
Slack : 0.481
TNS   : 0.000

Type  : Fast 1200mV 0C Model Minimum Pulse Width 'Register:inst9|MUX21:inst|Y~2'
Slack : 0.481
TNS   : 0.000

Type  : Fast 1200mV 0C Model Minimum Pulse Width 'Register:inst10|MUX21:inst|Y~1'
Slack : 0.482
TNS   : 0.000

Type  : Fast 1200mV 0C Model Minimum Pulse Width 'Register:inst33|MUX21:inst|Y~2'
Slack : 0.482
TNS   : 0.000

Type  : Fast 1200mV 0C Model Minimum Pulse Width 'Register:inst7|MUX21:inst|Y~1'
Slack : 0.483
TNS   : 0.000

------------------------------------------------------------
