------------------------------------------------------------
Timing Analyzer Summary
------------------------------------------------------------

Type  : Slow 1200mV 85C Model Setup 'CLK'
Slack : -0.611
TNS   : -4.876

Type  : Slow 1200mV 85C Model Hold 'CLK'
Slack : 1.165
TNS   : 0.000

Type  : Slow 1200mV 85C Model Minimum Pulse Width 'CLK'
Slack : -3.000
TNS   : -13.280

Type  : Slow 1200mV 85C Model Minimum Pulse Width 'Y'
Slack : -3.000
TNS   : -3.000

Type  : Slow 1200mV 0C Model Setup 'CLK'
Slack : -0.414
TNS   : -3.300

Type  : Slow 1200mV 0C Model Hold 'CLK'
Slack : 1.012
TNS   : 0.000

Type  : Slow 1200mV 0C Model Minimum Pulse Width 'CLK'
Slack : -3.000
TNS   : -13.280

Type  : Slow 1200mV 0C Model Minimum Pulse Width 'Y'
Slack : -3.000
TNS   : -3.000

Type  : Fast 1200mV 0C Model Setup 'CLK'
Slack : -0.549
TNS   : -4.380

Type  : Fast 1200mV 0C Model Hold 'CLK'
Slack : 1.297
TNS   : 0.000

Type  : Fast 1200mV 0C Model Minimum Pulse Width 'CLK'
Slack : -3.000
TNS   : -11.720

Type  : Fast 1200mV 0C Model Minimum Pulse Width 'Y'
Slack : -3.000
TNS   : -3.000

------------------------------------------------------------
