------------------------------------------------------------
Timing Analyzer Summary
------------------------------------------------------------

Type  : Slow 1200mV 85C Model Setup 'CLK'
Slack : -3.111
TNS   : -166.061

Type  : Slow 1200mV 85C Model Setup 'COMMIT'
Slack : -0.525
TNS   : -13.954

Type  : Slow 1200mV 85C Model Hold 'COMMIT'
Slack : 0.323
TNS   : 0.000

Type  : Slow 1200mV 85C Model Hold 'CLK'
Slack : 1.298
TNS   : 0.000

Type  : Slow 1200mV 85C Model Minimum Pulse Width 'CLK'
Slack : -3.000
TNS   : -85.240

Type  : Slow 1200mV 85C Model Minimum Pulse Width 'COMMIT'
Slack : -3.000
TNS   : -85.240

Type  : Slow 1200mV 0C Model Setup 'CLK'
Slack : -2.740
TNS   : -146.851

Type  : Slow 1200mV 0C Model Setup 'COMMIT'
Slack : -0.412
TNS   : -8.006

Type  : Slow 1200mV 0C Model Hold 'COMMIT'
Slack : 0.306
TNS   : 0.000

Type  : Slow 1200mV 0C Model Hold 'CLK'
Slack : 1.161
TNS   : 0.000

Type  : Slow 1200mV 0C Model Minimum Pulse Width 'CLK'
Slack : -3.000
TNS   : -85.240

Type  : Slow 1200mV 0C Model Minimum Pulse Width 'COMMIT'
Slack : -3.000
TNS   : -85.240

Type  : Fast 1200mV 0C Model Setup 'CLK'
Slack : -1.033
TNS   : -51.529

Type  : Fast 1200mV 0C Model Setup 'COMMIT'
Slack : 0.268
TNS   : 0.000

Type  : Fast 1200mV 0C Model Hold 'COMMIT'
Slack : 0.063
TNS   : 0.000

Type  : Fast 1200mV 0C Model Hold 'CLK'
Slack : 0.639
TNS   : 0.000

Type  : Fast 1200mV 0C Model Minimum Pulse Width 'COMMIT'
Slack : -3.000
TNS   : -80.115

Type  : Fast 1200mV 0C Model Minimum Pulse Width 'CLK'
Slack : -3.000
TNS   : -78.050

------------------------------------------------------------
